[digital-marketing-template.brickstemplates.io/index.html]
[backblue.gif]
[fade.gif]
[index.html]
[digital-marketing-template.brickstemplates.io/index.html]
[digital-marketing-template.brickstemplates.io/comments/feed/index.html]
[digital-marketing-template.brickstemplates.io/feed/index.html]
[digital-marketing-template.brickstemplates.io/wp-content/uploads/2024/04/marketing1.jpg]
[digital-marketing-template.brickstemplates.io/wp-content/themes/bricks/assets/css/frontend.min904c.css]
[digital-marketing-template.brickstemplates.io/wp-content/plugins/woocommerce/assets/js/jquery-blockui/jquery.blockUI.min6fb9.js]
[digital-marketing-template.brickstemplates.io/wp-content/plugins/woocommerce/assets/js/js-cookie/js.cookie.mine74b.js]
[digital-marketing-template.brickstemplates.io/wp-content/plugins/woocommerce/assets/js/frontend/add-to-cart.minceb1.js]
[digital-marketing-template.brickstemplates.io/wp-content/plugins/woocommerce/assets/js/frontend/woocommerce.minceb1.js]
[digital-marketing-template.brickstemplates.io/wp-json/index.html]
[digital-marketing-template.brickstemplates.io/wp-json/oembed/1.0/embed49b9.json]
[digital-marketing-template.brickstemplates.io/wp-content/plugins/woocommerce/assets/fonts/WooCommerce.23.delayed]
[digital-marketing-template.brickstemplates.io/xmlrpc0db0.php]
[digital-marketing-template.brickstemplates.io/wp-json/oembed/1.0/embed256b]
[digital-marketing-template.brickstemplates.io/wp-content/plugins/woocommerce/assets/fonts/WooCommerced41d.eot]
[digital-marketing-template.brickstemplates.io/wp-json/wp/v2/pages/7.json]
[digital-marketing-template.brickstemplates.io/wp-content/themes/bricks/assets/css/integrations/woocommerce.min904c.css]
[digital-marketing-template.brickstemplates.io/about-us/index.html]
[digital-marketing-template.brickstemplates.io/amenities/index.html]
[digital-marketing-template.brickstemplates.io/wp-content/uploads/2024/04/marketinglogo-wht.png]
[digital-marketing-template.brickstemplates.io/wp-content/plugins/woocommerce/assets/fonts/Inter-VariableFont_slnt,wght.woff2]
[digital-marketing-template.brickstemplates.io/wp-content/plugins/woocommerce/assets/fonts/cardo_normal_400.woff2]
[digital-marketing-template.brickstemplates.io/pricing/index.html]
[digital-marketing-template.brickstemplates.io/contact/index.html]
[digital-marketing-template.brickstemplates.io/wp-content/themes/bricks/assets/fonts/themify/themifyd41d.eot]
[digital-marketing-template.brickstemplates.io/wp-content/themes/bricks/assets/css/libs/themify-icons.min904c.css]
[digital-marketing-template.brickstemplates.io/wp-content/uploads/2024/04/client-logo-1.png]
[digital-marketing-template.brickstemplates.io/wp-content/uploads/2024/04/client-logo-2.png]
[digital-marketing-template.brickstemplates.io/wp-content/uploads/2024/04/marketing3-1.jpg]
[digital-marketing-template.brickstemplates.io/wp-content/uploads/2024/04/marketing2-1.jpg]
[digital-marketing-template.brickstemplates.io/about-us/index.html]
[digital-marketing-template.brickstemplates.io/amenities/index.html]
[digital-marketing-template.brickstemplates.io/pricing/index.html]
[digital-marketing-template.brickstemplates.io/wp-content/uploads/2024/04/pricing2-bg.jpg]
[digital-marketing-template.brickstemplates.io/contact/index.html]
[digital-marketing-template.brickstemplates.io/wp-content/themes/bricks/assets/js/bricks.min904c.js]
[digital-marketing-template.brickstemplates.io/wp-content/themes/bricks/assets/js/integrations/woocommerce.min904c.js]
[digital-marketing-template.brickstemplates.io/wp-content/plugins/woocommerce/assets/js/frontend/order-attribution.minceb1.js]
[digital-marketing-template.brickstemplates.io/wp-content/plugins/woocommerce/assets/js/sourcebuster/sourcebuster.minceb1.js]
[pinterest.com/pin/create/button/index5ddc.html]
[digital-marketing-template.brickstemplates.io/wp-content/themes/bricks/assets/css/libs/tooltips.min904c.css]
[digital-marketing-template.brickstemplates.io/wp-content/themes/bricks/assets/svg/audio/control-play.svg]
[digital-marketing-template.brickstemplates.io/wp-content/themes/bricks/assets/svg/audio/control-pause.svg]
[digital-marketing-template.brickstemplates.io/wp-content/themes/bricks/assets/svg/audio/control-mute.svg]
[digital-marketing-template.brickstemplates.io/wp-content/uploads/2024/04/marketing5.1.jpg]
[digital-marketing-template.brickstemplates.io/wp-content/plugins/woocommerce/assets/fonts/WooCommerce.html]
[digital-marketing-template.brickstemplates.io/wp-content/plugins/woocommerce/assets/fonts/WooCommerced41d.html]
[digital-marketing-template.brickstemplates.io/wp-json/oembed/1.0/embedadad.json]
[digital-marketing-template.brickstemplates.io/wp-json/oembed/1.0/embede105]
[digital-marketing-template.brickstemplates.io/wp-content/themes/bricks/assets/fonts/themify/themifyd41d.ttf]
[digital-marketing-template.brickstemplates.io/wp-content/plugins/woocommerce/assets/fonts/WooCommerce.svg]
[digital-marketing-template.brickstemplates.io/wp-includes/js/jquery/jquery.minf43b.js]
[digital-marketing-template.brickstemplates.io/wp-content/plugins/woocommerce/assets/images/icons/loader.svg]
[digital-marketing-template.brickstemplates.io/wp-json/wp/v2/pages/43.json]
[digital-marketing-template.brickstemplates.io/wp-content/uploads/2024/04/amenitiesbg.jpg]
[digital-marketing-template.brickstemplates.io/wp-content/uploads/2024/04/team1.jpg]
[digital-marketing-template.brickstemplates.io/wp-content/uploads/2024/04/team3.jpg]
[digital-marketing-template.brickstemplates.io/wp-content/uploads/2024/04/marketing6-1.jpg]
[digital-marketing-template.brickstemplates.io/wp-content/themes/bricks/assets/css/libs/font-awesome-6.min904c.css]
[digital-marketing-template.brickstemplates.io/wp-content/themes/bricks/assets/fonts/themify/themifyd41d.html]
[digital-marketing-template.brickstemplates.io/wp-json/oembed/1.0/embed935d.json]
[digital-marketing-template.brickstemplates.io/wp-json/oembed/1.0/embedb84f]
[pinterest.com/pin/create/button/indexa765.html]
[digital-marketing-template.brickstemplates.io/wp-content/uploads/2024/04/marketing8-1.jpg]
[digital-marketing-template.brickstemplates.io/wp-content/uploads/2024/04/marketing7-1.jpg]
[digital-marketing-template.brickstemplates.io/wp-content/uploads/2024/04/pricing.1.jpg]
[digital-marketing-template.brickstemplates.io/wp-content/uploads/2024/04/marketing9-1.jpg]
[digital-marketing-template.brickstemplates.io/index4579.html]
[pinterest.com/pin/create/button/index82fd.html]
[digital-marketing-template.brickstemplates.io/wp-json/oembed/1.0/embed7558.json]
[digital-marketing-template.brickstemplates.io/wp-json/oembed/1.0/embed8be1]
[digital-marketing-template.brickstemplates.io/wp-json/oembed/1.0/embed84bc.json]
[digital-marketing-template.brickstemplates.io/wp-json/oembed/1.0/embedfec9]
[pinterest.com/pin/create/button/index0333.html]
[digital-marketing-template.brickstemplates.io/wp-content/uploads/2024/04/client-logo-5.png]
[digital-marketing-template.brickstemplates.io/wp-json/wp/v2/pages/66.json]
[digital-marketing-template.brickstemplates.io/index4f61.html]
[pinterest.com/pin/create/button/index5401.html]
[digital-marketing-template.brickstemplates.io/wp-content/uploads/2024/04/client-logo-4.png]
[digital-marketing-template.brickstemplates.io/wp-content/plugins/woocommerce/assets/fonts/WooCommerce.woff]
[digital-marketing-template.brickstemplates.io/wp-content/plugins/woocommerce/assets/fonts/WooCommerce.ttf]
[digital-marketing-template.brickstemplates.io/wp-content/themes/bricks/assets/fonts/fontawesome/fa-solid-900.woff2]
[digital-marketing-template.brickstemplates.io/wp-content/themes/bricks/assets/fonts/fontawesome/fa-regular-400.ttf]
[www.pinterest.com/pin/create/button/index084c.html]
[www.pinterest.com/pin/create/button/index08cb.html]
[www.pinterest.com/pin/create/button/indexaf41.html]
[digital-marketing-template.brickstemplates.io/wp-content/uploads/2024/04/team2.jpg]
[digital-marketing-template.brickstemplates.io/wp-json/wp/v2/pages/60.json]
[www.pinterest.com/pin/create/button/indexcaeb.html]
[www.pinterest.com/pin/create/button/Focus.css]
[www.pinterest.com/pin/create/button/indexdabf.html]
[digital-marketing-template.brickstemplates.io/wp-content/uploads/2024/04/five-star-300x51.png]
[s.pinimg.com/webapp/runtime-5c6facd3709a30ae.js]
[s.pinimg.com/webapp/polyfills-7f532a913093186b.js]
[s.pinimg.com/webapp/69368-13b57be96ed2bdcd.js]
[s.pinimg.com/webapp/58308-e8ec81474d30c8c4.js]
[www.pinterest.com/pin/create/button/index084c.html]
[s.pinimg.com/webapp/46034-0b79b759587e7437.js]
[digital-marketing-template.brickstemplates.io/wp-content/themes/bricks/assets/css/libs/font-awesome-6-brands.min904c.css]
[s.pinimg.com/webapp/vendor-react-698b573312da1451.js]
[s.pinimg.com/webapp/97949-b5b8f9cbd8446dde.js]
[s.pinimg.com/webapp/locale-en_US-lite-js-bf4b6ad255a4cc34.js]
[s.pinimg.com/webapp/15787-9073cc4aee4f7fa2.js]
[s.pinimg.com/webapp/99317-b63f580ad1232d6f.js]
[s.pinimg.com/webapp/59656-675a6a1f1fa800a1.js]
[digital-marketing-template.brickstemplates.io/wp-content/themes/bricks/assets/css/libs/ionicons.min904c.css]
[s.pinimg.com/webapp/9690-e2770f4efffbc246.js]
[s.pinimg.com/webapp/83374-72bc9220eaac6c7c.js]
[s.pinimg.com/webapp/89820-2b9599491af09cb0.js]
[s.pinimg.com/webapp/1992-e913e52779a250ce.js]
[s.pinimg.com/webapp/27234-b08751611bfa81b3.js]
[www.pinterest.com/pin/create/button/index08cb.html]
[s.pinimg.com/webapp/50289-f31a220d34a7daae.js]
[s.pinimg.com/webapp/88027-610a3b0e1047654d.js]
[s.pinimg.com/webapp/5710-8fb41174cb32b2e1.js]
[s.pinimg.com/webapp/97037-53d1839d4ffbb56d.js]
[www.pinterest.com/pin/create/button/indexaf41.html]
[s.pinimg.com/webapp/3741-f8b29932416101ad.js]
[s.pinimg.com/webapp/84659-f2cbfe4de717d533.js]
[digital-marketing-template.brickstemplates.io/index0721.html]
[s.pinimg.com/webapp/14796-43ea8872f3ea8bfc.js]
[s.pinimg.com/webapp/32322-467a48bbc94633dc.js]
[www.pinterest.com/pin/create/button/indexcaeb.html]
[s.pinimg.com/webapp/38486-969c851c5fc1e340.js]
[s.pinimg.com/webapp/24174-fda3bd2b2ccad949.js]
[s.pinimg.com/webapp/69823-4da9b7f7405e6ee6.js]
[www.pinterest.com/pin/create/button/indexdabf.html]
[s.pinimg.com/webapp/50475-8ff1752a00b769bb.js]
[s.pinimg.com/webapp/59671-8b18644219043129.js]
[s.pinimg.com/webapp/80621-88eda1b7e2c11f7a.js]
[s.pinimg.com/webapp/www/pin/create/[method]-d5dde867473085d3.js]
[s.pinimg.com/webapp/62079-b346e2adb197795a.js]
[s.pinimg.com/webapp/1355-5314101ac3f35e2c.js]
[s.pinimg.com/webapp/13916-2b03cc010a26325a.js]
[s.pinimg.com/webapp/64302-88d30b6996486327.js]
[s.pinimg.com/webapp/53608-5cbacf2e47c6a29a.js]
[s.pinimg.com/webapp/25987-56cc3f3c75a68277.js]
[s.pinimg.com/webapp/98183-4f08b440b2727384.js]
[s.pinimg.com/webapp/www/_client-f0b68cfb04b157cf.js]
[s.pinimg.com/webapp/DefaultPinRep-c73d2e6198da783f.js]
[www.pinterest.com/pin/create/button/Focus.html]
[s.pinimg.com/webapp/logo_transparent_144x144-3da7a67b.png]
[s.pinimg.com/webapp/favicon_48x48-7470a30d.png]
[s.pinimg.com/webapp/69386-2bfe2c30f23833ed.js]
[www.pinterest.com/pin/create/button/ios-app_/429047995/pinterest/add_pin/_method=button&image_url=&source_url=https_/digital-marketing-template.brickstemplates.io/&media=https_/digital-m/digital-marketing-templ]
[s.pinimg.com/webapp/www/_/_/developer-tools/experiments-override-2566553fb0e3e407.js]
[www.pinterest.com/pin/create/button/android-app_/com.pinterest/pinterest/www.pinterest.com/pin/create/button/_media=&url=https_/digital-marketing-template.brickstemplates.io/&media=https/digital-marketing-templ]
[s.pinimg.com/webapp/9073-10600405517312f9.js]
[s.pinimg.com/webapp/81507-50599c325bee77cd.js]
[s.pinimg.com/webapp/14696-43347915a0380ca3.js]
[s.pinimg.com/webapp/www/_/_/developer-tools/structured-feed-cf34b009effb674e.js]
[s.pinimg.com/webapp/88544-d0cc53b3429ec4a8.js]
[s.pinimg.com/webapp/82263-3e06952aceae4856.js]
[s.pinimg.com/webapp/16249-85e813eb329ce70f.js]
[s.pinimg.com/webapp/25570-669163f4d5dcf544.js]
[s.pinimg.com/webapp/4779-5d59a1a5d0f2afec.js]
[s.pinimg.com/webapp/www/[username]-42078c18d4edfdf3.js]
[s.pinimg.com/webapp/32859-f0ad3cd296eb75c3.js]
[s.pinimg.com/webapp/95882-a6d79652ce07559e.js]
[s.pinimg.com/webapp/87203-407709c6a43ea8a3.js]
[s.pinimg.com/webapp/www/[username]/[slug]-4dbc2fc18f92d7fd.js]
[s.pinimg.com/webapp/75621-a8ca772caa88829c.js]
[s.pinimg.com/webapp/57091-e4a80761992a153c.js]
[s.pinimg.com/webapp/www/[username]/[slug]/_tools/saved-products-8059c8f5bdbe38b2.js]
[s.pinimg.com/webapp/66840-9164b3e2f359d971.js]
[s.pinimg.com/webapp/52137-15446893ab9b2211.js]
[s.pinimg.com/webapp/www/[username]/[slug]/_tools/shop-1659123800ec27ca.js]
[s.pinimg.com/webapp/www/[username]/[slug]/[section_slug]-aa64cb99026247b4.js]
[s.pinimg.com/webapp/69291-d64c2ed721eb4386.js]
[s.pinimg.com/webapp/32815-3b33ea77d3b20ab2.js]
[s.pinimg.com/webapp/21037-ad4a12c6e4abb454.js]
[s.pinimg.com/webapp/www/[username]/[slug]/[section_slug]/_tools/more-ideas-30d503e9817b054a.js]
[s.pinimg.com/webapp/98576-6c641bf72644d14b.js]
[s.pinimg.com/webapp/69873-22d7243a95d5075b.js]
[s.pinimg.com/webapp/17159-903e41dad0dab6aa.js]
[s.pinimg.com/webapp/www/[username]/[slug]/[section_slug]/_tools/organize-931b7d80067d75da.js]
[s.pinimg.com/webapp/www/[username]/[slug]/invite-fdcebc54967ee45c.js]
[s.pinimg.com/webapp/www/[username]/organize-c0819e26aacf1bc7.js]
[s.pinimg.com/webapp/www/[username]/pins-6285478f8edfd225.js]
[s.pinimg.com/webapp/www/[username]/report-b8827c344ebbe370.js]
[s.pinimg.com/webapp/16222-73c2d10df59ac0a9.js]
[s.pinimg.com/webapp/96020-ef6a6eccf384f45a.js]
[s.pinimg.com/webapp/22175-1af75c70e4373c85.js]
[s.pinimg.com/webapp/28610-b9f9e602d14e8e28.js]
[s.pinimg.com/webapp/www/[username]/scheduled-pin/[scheduled_pin_id]-869e90d732d43f22.js]
[s.pinimg.com/webapp/www/[username]/scheduled-pin/[scheduled_pin_id]-a3b5bfb44e80b84d.css]
[s.pinimg.com/webapp/91488-eb6dff6a6fe2855f.js]
[s.pinimg.com/webapp/19903-0e52c75899570cb3.js]
[s.pinimg.com/webapp/3312-839e246ea3209fe6.js]
[s.pinimg.com/webapp/www/about/[lawName]-ef6f638ae7281d9a.css]
[s.pinimg.com/webapp/www/about/[lawName]-38e6da8e00972b7c.js]
[s.pinimg.com/webapp/www/about/copyright/counter-notice-68b4174223c65705.js]
[s.pinimg.com/webapp/www/about/content-claiming/application-79fb20cda9e1f6cd.js]
[s.pinimg.com/webapp/www/about/copyright/dmca-pin-b113d845ce3e85db.js]
[s.pinimg.com/webapp/www/about/copyright/music-appeal-a57b992b64effc8c.js]
[s.pinimg.com/webapp/34800-b39bef09dec886a7.js]
[s.pinimg.com/webapp/www/about/radtc-ef6f638ae7281d9a.css]
[s.pinimg.com/webapp/www/about/radtc-59da35f443c565f3.js]
[s.pinimg.com/webapp/www/about/trademark-e271e38f17e403ac.js]
[s.pinimg.com/webapp/www/add-account-16bc214370b8971f.js]
[s.pinimg.com/webapp/28134-8b03bee5350471cd.js]
[s.pinimg.com/webapp/8634-d2589a429ac4ec8c.js]
[s.pinimg.com/webapp/92373-0c88db094295e8ba.js]
[s.pinimg.com/webapp/52796-af9a7a58283caf5e.js]
[s.pinimg.com/webapp/www/advertiser/quick-promote-c08bc466e5be6d8b.js]
[s.pinimg.com/webapp/www/age-appeal/confirmation-a0f82f058db027e3.js]
[s.pinimg.com/webapp/www/age-appeal/redirect-afa374c62c723590.js]
[s.pinimg.com/webapp/www/board/[id]/create_section-c1ba993d6e9a362c.js]
[s.pinimg.com/webapp/68122-793a83284798e75d.js]
[s.pinimg.com/webapp/27473-09e7faf191aa1124.js]
[s.pinimg.com/webapp/www/board/[id]/edit-6197887459273aaf.js]
[s.pinimg.com/webapp/78211-da877a7d26edbf1a.js]
[s.pinimg.com/webapp/www/board/[id]/organize-d51097401b0c71a1.js]
[s.pinimg.com/webapp/www/board/[id]/permissions-bff974b7e4cab685.js]
[s.pinimg.com/webapp/www/board/[id]/report-58c820110b4e576a.js]
[s.pinimg.com/webapp/59292-4af8a70de8e9e78d.js]
[s.pinimg.com/webapp/9086-108d0928229cf2c9.js]
[s.pinimg.com/webapp/www/board/create-2a534c29cdb3b39a.js]
[s.pinimg.com/webapp/www/board/create/cluster/[clusterId]-9a0244900bed60c7.js]
[s.pinimg.com/webapp/www/boardsection/[id]/edit-9cc4c729be0a9925.js]
[s.pinimg.com/webapp/27468-4b8b21613ebcadd8.js]
[s.pinimg.com/webapp/www/boardsection/[id]/organize-d5087e9a3624aaaf.js]
[s.pinimg.com/webapp/www/boardsection/[id]/organize/add-36e8a94963bda098.js]
[s.pinimg.com/webapp/www/boardsection/[id]/organize/repin-2c19fb2a2ce46a4c.js]
[s.pinimg.com/webapp/15282-4864a704b9f37c09.js]
[s.pinimg.com/webapp/93783-393a2296d16ae4d2.js]
[s.pinimg.com/webapp/www/business/business-hierarchy/[businessHierarchyId]/business_security-bc37f836d30b4f12.js]
[s.pinimg.com/webapp/www/business/business-manager/[userBizId]/dashboard-b6fb5f594fafba0e.js]
[s.pinimg.com/webapp/www/business/business-manager/[userBizId]/dashboard-ef6f638ae7281d9a.css]
[s.pinimg.com/webapp/www/business/business-hierarchy/[businessHierarchyId]/hierarchy-ff8b8982255a6b7f.js]
[s.pinimg.com/webapp/www/business/business-hierarchy/[businessHierarchyId]/managers-2616a13f04f34a9e.js]
[s.pinimg.com/webapp/www/business/business-manager-7560aa57d5933b83.js]
[s.pinimg.com/webapp/www/business/business-manager/[userBizId]-aac080f1419dfbd8.js]
[s.pinimg.com/webapp/www/business/business-manager/[userBizId]/ad-accounts-b7edcd33ca190da5.js]
[s.pinimg.com/webapp/www/business/business-manager/[userBizId]/ad-accounts/cee-migration-1562a80826bfe42a.js]
[s.pinimg.com/webapp/www/business/business-manager/[userBizId]/ad-accounts/[detailId]/details-1672aa9adb09b8ef.js]
[s.pinimg.com/webapp/www/business/business-manager/[userBizId]/asset-groups-e9bcf8a2d515def4.js]
[s.pinimg.com/webapp/www/business/business-manager/[userBizId]/audiences-e50a79ed6771d2dc.js]
[s.pinimg.com/webapp/www/business/business-manager/[userBizId]/brand-safety-bbbd7b7ddc65e0bc.js]
[s.pinimg.com/webapp/www/business/business-manager/[userBizId]/catalogs-b615058f9fe3285e.js]
[s.pinimg.com/webapp/www/business/business-manager/[userBizId]/employees/[detailId]/details-64e1870ef695bc5c.js]
[s.pinimg.com/webapp/www/business/business-manager/[userBizId]/history-9295cc8d701f80ba.js]
[s.pinimg.com/webapp/www/business/business-manager/[userBizId]/history-ef6f638ae7281d9a.css]
[s.pinimg.com/webapp/www/business/business-manager/[userBizId]/invoice-management-53857c79e8dc5afd.js]
[s.pinimg.com/webapp/www/business/business-manager/[userBizId]/invoice-management-ef6f638ae7281d9a.css]
[s.pinimg.com/webapp/www/business/business-manager/[userBizId]/partners-b578cbf6b7caae13.js]
[s.pinimg.com/webapp/www/business/business-manager/[userBizId]/partners/[detailId]/details-6cde3db9d9e3664c.js]
[s.pinimg.com/webapp/www/business/business-manager/[userBizId]/profiles-f37d9dfbe6c87a3c.js]
[s.pinimg.com/webapp/www/business/business-manager/[userBizId]/security-d2047be46004d236.js]
[s.pinimg.com/webapp/www/business/business-manager/[userBizId]/settings-74477f20f5d29859.js]
[s.pinimg.com/webapp/www/business/business-manager/[userBizId]/profiles/[detailId]/details-6e7c4037752ea8e8.js]
[s.pinimg.com/webapp/www/business/business-manager/[userBizId]/shared-tags-5a72edfef33643d6.js]
[s.pinimg.com/webapp/www/business/business-manager/[userBizId]/shared/[detailId]/details-693aa7c32fd08fb5.js]
[s.pinimg.com/webapp/www/business/business-manager/[userBizId]/support-7887dcd439f38660.js]
[s.pinimg.com/webapp/390-0c08d72e59275af7.js]
[s.pinimg.com/webapp/30163-e0fcbbe44670fdc5.js]
[s.pinimg.com/webapp/www/business/catalogs-7a3188855e5f2d87.js]
[s.pinimg.com/webapp/www/business/catalogs-6384adea5780b4d1.css]
[s.pinimg.com/webapp/21563-8a67489dd7028cdf.js]
[s.pinimg.com/webapp/55803-fc9b2c6032d155d5.js]
[s.pinimg.com/webapp/67705-41cd855d14e45697.js]
[s.pinimg.com/webapp/39083-11a5d1ece74bb544.js]
[s.pinimg.com/webapp/61205-3428674cb1f8c539.js]
[s.pinimg.com/webapp/www/business/convert-0cb7581bbf1944a1.js]
[s.pinimg.com/webapp/www/business/convert-c9e0495f9f038be2.css]
[s.pinimg.com/webapp/86641-844972a5ebea3067.js]
[s.pinimg.com/webapp/19578-d4376e7ffcbeb24d.js]
[s.pinimg.com/webapp/www/business/convert/start-01911b90561528c4.js]
[s.pinimg.com/webapp/www/business/create-fa809b7604d2fd19.js]
[s.pinimg.com/webapp/www/business/create-c9e0495f9f038be2.css]
[s.pinimg.com/webapp/www/business/hub-2d2b26e7e63bac4f.js]
[s.pinimg.com/webapp/www/business/hub-6384adea5780b4d1.css]
[s.pinimg.com/webapp/57202-c6f6cf83d68e1b30.js]
[s.pinimg.com/webapp/www/business/invite/[inviteCode]-39b1027bce21d7c1.js]
[s.pinimg.com/webapp/www/business/invite/[inviteCode]-ef6f638ae7281d9a.css]
[s.pinimg.com/webapp/18495-f5fcd3012c0b2ef8.js]
[s.pinimg.com/webapp/5536-2907b0fa486626d6.js]
[s.pinimg.com/webapp/33011-30c499c1c38b716e.js]
[s.pinimg.com/webapp/www/login-d36132dfb2379ae7.js]
[s.pinimg.com/webapp/www/login-9786b8e3c7f7c83f.css]
[s.pinimg.com/webapp/79080-32dff1197a7a02b8.js]
[s.pinimg.com/webapp/www/business/marketing-plan-37276be87034781f.js]
[s.pinimg.com/webapp/83541-df151796164d9364.js]
[s.pinimg.com/webapp/www/business/onboarding-fb2cd98c322dde88.js]
[s.pinimg.com/webapp/www/business/schedule_call-eeff361375923a9a.js]
[s.pinimg.com/webapp/www/business/schedule_call-9786b8e3c7f7c83f.css]
[s.pinimg.com/webapp/44288-8178c161af10bc05.js]
[s.pinimg.com/webapp/www/signup-0cf225a466497663.js]
[s.pinimg.com/webapp/www/business/switch-account-4c67d6591b567648.js]
[s.pinimg.com/webapp/6473-8361248b530ebb01.js]
[s.pinimg.com/webapp/www/business/update-9786b8e3c7f7c83f.css]
[s.pinimg.com/webapp/www/business/update-6eb156221cecaadf.js]
[s.pinimg.com/webapp/www/business/website-content-manager-24f2ba36b10ee72b.js]
[s.pinimg.com/webapp/www/close-account-3bd044fd1f478d5b.js]
[s.pinimg.com/webapp/www/content-claiming-9552dcb09fd05cb3.js]
[s.pinimg.com/webapp/9290-3649e32f0d55d5c7.js]
[s.pinimg.com/webapp/46385-592e67ccebc3da85.js]
[s.pinimg.com/webapp/29802-d859c22e332be725.js]
[s.pinimg.com/webapp/99570-14da2300ad2c3cfc.js]
[s.pinimg.com/webapp/www/conversation/[conversation_id]-e16715696f252c9d.js]
[s.pinimg.com/webapp/www/convert-business-1f4abcbc09a79a77.js]
[s.pinimg.com/webapp/www/convert-personal-d6b8df7ade060b20.js]
[s.pinimg.com/webapp/54353-6ab9af394f06a967.js]
[s.pinimg.com/webapp/66875-de3a4e5d1aaa1a26.js]
[s.pinimg.com/webapp/26375-6028f62d29cc5810.js]
[s.pinimg.com/webapp/6875-557055b8ddd696d2.js]
[s.pinimg.com/webapp/www/copyright-reporting/[username]-a2169e85e52124b0.js]
[s.pinimg.com/webapp/11020-6e41221ca6176a1d.js]
[s.pinimg.com/webapp/www/create-business-68cab9bc0c62111e.js]
[s.pinimg.com/webapp/www/create-business-ef6f638ae7281d9a.css]
[s.pinimg.com/webapp/84842-60655205347b2b39.js]
[s.pinimg.com/webapp/13050-55fdd11676b5eb8a.js]
[s.pinimg.com/webapp/www/create-personal-bb17e496c6d077ac.js]
[s.pinimg.com/webapp/www/deactivate-account-51d789846a71a9d2.js]
[s.pinimg.com/webapp/53415-3baad51e533c6428.js]
[s.pinimg.com/webapp/35567-521cb702f4430863.js]
[s.pinimg.com/webapp/64905-54ff0dd6a7706168.js]
[s.pinimg.com/webapp/www/edit-0c1b4bcb4ca01c78.js]
[s.pinimg.com/webapp/www/email/remove-cda65ac524017abd.js]
[s.pinimg.com/webapp/www/email/subscription-9786b8e3c7f7c83f.css]
[s.pinimg.com/webapp/www/email/subscription-12b1f8d4658d8818.js]
[s.pinimg.com/webapp/61977-b0644751da3957b5.js]
[s.pinimg.com/webapp/37494-1c920bfa9b97526b.js]
[s.pinimg.com/webapp/www/index-f0ea674cbe4d3141.js]
[s.pinimg.com/webapp/93041-4f14c19f8606278c.js]
[s.pinimg.com/webapp/www/idea-ads-tool-89ab3780d9e6c50e.js]
[s.pinimg.com/webapp/www/idea-ads-tool-ef6f638ae7281d9a.css]
[s.pinimg.com/webapp/65512-7903851beb0aeee4.js]
[s.pinimg.com/webapp/44675-fba329689edb2b5f.js]
[s.pinimg.com/webapp/83220-15f38d0eb54a4168.js]
[s.pinimg.com/webapp/52112-e1c9588efa25cc4c.js]
[s.pinimg.com/webapp/www/ideas-158f44e856f0f07f.js]
[s.pinimg.com/webapp/23403-4e903619d1ffc884.js]
[s.pinimg.com/webapp/www/ideas/[interest]/[id]-6022701ac8f630cb.js]
[s.pinimg.com/webapp/65272-ea55fdc8625c7fcb.js]
[s.pinimg.com/webapp/www/inbox-61f36230a7643769.js]
[s.pinimg.com/webapp/www/inbox/requests-8d301144f004e206.js]
[s.pinimg.com/webapp/www/invited-129f267b219b63c9.js]
[s.pinimg.com/webapp/63374-118d70f291cd814c.js]
[s.pinimg.com/webapp/68344-c3ac2f8119ce080f.js]
[s.pinimg.com/webapp/21048-d1da9ef5251ea567.js]
[s.pinimg.com/webapp/www/lens-search-daa244ac979ebbe1.js]
[s.pinimg.com/webapp/www/lens-search-6bcba988f4a0415d.css]
[s.pinimg.com/webapp/www/lens-search/history-0930778c552567b5.js]
[s.pinimg.com/webapp/www/lens-search/history-6bcba988f4a0415d.css]
[s.pinimg.com/webapp/www/logout-21135fc401ce8ecb.js]
[s.pinimg.com/webapp/88718-210a4912c7cfc6ec.js]
[s.pinimg.com/webapp/46266-a9df3a75318841a8.js]
[s.pinimg.com/webapp/33656-cec4d9d09067d7ec.js]
[s.pinimg.com/webapp/www/news_hub/[id]-94f3dd1ad29d6589.js]
[s.pinimg.com/webapp/www/notifications-b56854c03a4aa6a2.js]
[s.pinimg.com/webapp/www/oauth-43fb025542b3e069.js]
[s.pinimg.com/webapp/www/oauth/line/redirect-d0b94ef469f4b8da.js]
[s.pinimg.com/webapp/www/parental-passcode-4c2fdf9734a4a163.js]
[s.pinimg.com/webapp/www/password/reset-6f1c1209bf75eced.js]
[s.pinimg.com/webapp/168-e48e9dd7c6f4e0fc.js]
[s.pinimg.com/webapp/www/pin-builder-ef6f638ae7281d9a.css]
